// Jest Snapshot v1, https://goo.gl/fbAQLP

exports[`Should render NotFoundPage correctly 1`] = `
<div>
  404 
  <Link
    replace={false}
    to="/"
  >
    GO Home
  </Link>
</div>
`;
